[2022-12-02T10:05:30.299+0000][5661][gc,init] CardTable entry size: 512
[2022-12-02T10:05:30.299+0000][5661][gc     ] Using G1
[2022-12-02T10:05:31.109+0000][5661][gc,init] Version: 19.0.1+10-21 (release)
[2022-12-02T10:05:31.109+0000][5661][gc,init] CPUs: 8 total, 8 available
[2022-12-02T10:05:31.109+0000][5661][gc,init] Memory: 15855M
[2022-12-02T10:05:31.109+0000][5661][gc,init] Large Page Support: Disabled
[2022-12-02T10:05:31.109+0000][5661][gc,init] NUMA Support: Disabled
[2022-12-02T10:05:31.109+0000][5661][gc,init] Compressed Oops: Enabled (Zero based)
[2022-12-02T10:05:31.109+0000][5661][gc,init] Heap Region Size: 4M
[2022-12-02T10:05:31.109+0000][5661][gc,init] Heap Min Capacity: 7928M
[2022-12-02T10:05:31.109+0000][5661][gc,init] Heap Initial Capacity: 7928M
[2022-12-02T10:05:31.109+0000][5661][gc,init] Heap Max Capacity: 7928M
[2022-12-02T10:05:31.109+0000][5661][gc,init] Pre-touch: Enabled
[2022-12-02T10:05:31.109+0000][5661][gc,init] Parallel Workers: 8
[2022-12-02T10:05:31.109+0000][5661][gc,init] Concurrent Workers: 2
[2022-12-02T10:05:31.109+0000][5661][gc,init] Concurrent Refinement Workers: 8
[2022-12-02T10:05:31.109+0000][5661][gc,init] Periodic GC: Disabled
[2022-12-02T10:05:31.110+0000][5661][gc,metaspace] CDS archive(s) mapped at: [0x0000000800000000-0x0000000800c4f000-0x0000000800c4f000), size 12906496, SharedBaseAddress: 0x0000000800000000, ArchiveRelocationMode: 0.
[2022-12-02T10:05:31.110+0000][5661][gc,metaspace] Compressed class space mapped at: 0x0000000801000000-0x0000000841000000, reserved size: 1073741824
[2022-12-02T10:05:31.110+0000][5661][gc,metaspace] Narrow klass base: 0x0000000800000000, Narrow klass shift: 0, Narrow klass range: 0x100000000
[2022-12-02T10:05:31.448+0000][5661][safepoint   ] Safepoint "ICBufferFull", Time since last: 334640599 ns, Reaching safepoint: 137922 ns, At safepoint: 6385 ns, Total: 144307 ns
[2022-12-02T10:05:31.952+0000][5661][safepoint   ] Safepoint "ICBufferFull", Time since last: 503657937 ns, Reaching safepoint: 123114 ns, At safepoint: 5385 ns, Total: 128499 ns
[2022-12-02T10:05:32.554+0000][5661][safepoint   ] Safepoint "ICBufferFull", Time since last: 601387454 ns, Reaching safepoint: 234887 ns, At safepoint: 7840 ns, Total: 242727 ns
[2022-12-02T10:05:32.937+0000][5661][safepoint   ] Safepoint "ICBufferFull", Time since last: 383709825 ns, Reaching safepoint: 135523 ns, At safepoint: 4966 ns, Total: 140489 ns
[2022-12-02T10:05:33.260+0000][5661][safepoint   ] Safepoint "ICBufferFull", Time since last: 322243971 ns, Reaching safepoint: 113351 ns, At safepoint: 6014 ns, Total: 119365 ns
[2022-12-02T10:05:33.412+0000][5661][safepoint   ] Safepoint "ICBufferFull", Time since last: 152402894 ns, Reaching safepoint: 234686 ns, At safepoint: 3783 ns, Total: 238469 ns
[2022-12-02T10:05:33.790+0000][5661][gc,start    ] GC(0) Pause Young (Concurrent Start) (Metadata GC Threshold)
[2022-12-02T10:05:33.790+0000][5661][gc,task     ] GC(0) Using 8 workers of 8 for evacuation
[2022-12-02T10:05:33.790+0000][5661][gc,age      ] GC(0) Desired survivor size 27262976 bytes, new threshold 15 (max threshold 15)
[2022-12-02T10:05:33.799+0000][5661][gc,phases   ] GC(0)   Pre Evacuate Collection Set: 0,8ms
[2022-12-02T10:05:33.799+0000][5661][gc,phases   ] GC(0)   Merge Heap Roots: 0,2ms
[2022-12-02T10:05:33.799+0000][5661][gc,phases   ] GC(0)   Evacuate Collection Set: 6,8ms
[2022-12-02T10:05:33.799+0000][5661][gc,phases   ] GC(0)   Post Evacuate Collection Set: 1,0ms
[2022-12-02T10:05:33.799+0000][5661][gc,phases   ] GC(0)   Other: 0,6ms
[2022-12-02T10:05:33.799+0000][5661][gc,age      ] GC(0) Age table with threshold 15 (max threshold 15)
[2022-12-02T10:05:33.799+0000][5661][gc,age      ] GC(0) - age   1:   12389672 bytes,   12389672 total
[2022-12-02T10:05:33.799+0000][5661][gc,heap     ] GC(0) Eden regions: 64->0(95)
[2022-12-02T10:05:33.799+0000][5661][gc,heap     ] GC(0) Survivor regions: 0->4(13)
[2022-12-02T10:05:33.799+0000][5661][gc,heap     ] GC(0) Old regions: 0->0
[2022-12-02T10:05:33.799+0000][5661][gc,heap     ] GC(0) Archive regions: 2->2
[2022-12-02T10:05:33.799+0000][5661][gc,heap     ] GC(0) Humongous regions: 0->0
[2022-12-02T10:05:33.799+0000][5661][gc,metaspace] GC(0) Metaspace: 20976K(21504K)->20976K(21504K) NonClass: 18690K(19008K)->18690K(19008K) Class: 2285K(2496K)->2285K(2496K)
[2022-12-02T10:05:33.799+0000][5661][gc          ] GC(0) Pause Young (Concurrent Start) (Metadata GC Threshold) 257M->16M(7928M) 9,717ms
[2022-12-02T10:05:33.799+0000][5661][gc,cpu      ] GC(0) User=0,05s Sys=0,00s Real=0,01s
[2022-12-02T10:05:33.799+0000][5661][gc          ] GC(1) Concurrent Mark Cycle
[2022-12-02T10:05:33.799+0000][5661][gc,marking  ] GC(1) Concurrent Clear Claimed Marks
[2022-12-02T10:05:33.799+0000][5661][safepoint   ] Safepoint "CollectForMetadataAllocation", Time since last: 377070665 ns, Reaching safepoint: 104761 ns, At safepoint: 9796797 ns, Total: 9901558 ns
[2022-12-02T10:05:33.799+0000][5661][gc,marking  ] GC(1) Concurrent Clear Claimed Marks 0,033ms
[2022-12-02T10:05:33.799+0000][5661][gc,marking  ] GC(1) Concurrent Scan Root Regions
[2022-12-02T10:05:33.804+0000][5661][gc,marking  ] GC(1) Concurrent Scan Root Regions 4,171ms
[2022-12-02T10:05:33.804+0000][5661][gc,marking  ] GC(1) Concurrent Mark
[2022-12-02T10:05:33.804+0000][5661][gc,marking  ] GC(1) Concurrent Mark From Roots
[2022-12-02T10:05:33.804+0000][5661][gc,task     ] GC(1) Using 2 workers of 2 for marking
[2022-12-02T10:05:33.805+0000][5661][gc,marking  ] GC(1) Concurrent Mark From Roots 1,303ms
[2022-12-02T10:05:33.805+0000][5661][gc,marking  ] GC(1) Concurrent Preclean
[2022-12-02T10:05:33.805+0000][5661][gc,marking  ] GC(1) Concurrent Preclean 0,010ms
[2022-12-02T10:05:33.805+0000][5661][gc,start    ] GC(1) Pause Remark
[2022-12-02T10:05:33.807+0000][5661][gc          ] GC(1) Pause Remark 20M->20M(7928M) 1,877ms
[2022-12-02T10:05:33.807+0000][5661][gc,cpu      ] GC(1) User=0,00s Sys=0,00s Real=0,00s
[2022-12-02T10:05:33.807+0000][5661][safepoint   ] Safepoint "G1PauseRemark", Time since last: 5604899 ns, Reaching safepoint: 22612 ns, At safepoint: 1940941 ns, Total: 1963553 ns
[2022-12-02T10:05:33.807+0000][5661][gc,marking  ] GC(1) Concurrent Mark 3,354ms
[2022-12-02T10:05:33.807+0000][5661][gc,marking  ] GC(1) Concurrent Rebuild Remembered Sets
[2022-12-02T10:05:33.807+0000][5661][gc,marking  ] GC(1) Concurrent Rebuild Remembered Sets 0,006ms
[2022-12-02T10:05:33.807+0000][5661][gc,start    ] GC(1) Pause Cleanup
[2022-12-02T10:05:33.807+0000][5661][gc          ] GC(1) Pause Cleanup 20M->20M(7928M) 0,020ms
[2022-12-02T10:05:33.807+0000][5661][gc,cpu      ] GC(1) User=0,00s Sys=0,00s Real=0,00s
[2022-12-02T10:05:33.807+0000][5661][safepoint   ] Safepoint "G1PauseCleanup", Time since last: 67797 ns, Reaching safepoint: 162646 ns, At safepoint: 46575 ns, Total: 209221 ns
[2022-12-02T10:05:33.807+0000][5661][gc,marking  ] GC(1) Concurrent Cleanup for Next Mark
[2022-12-02T10:05:33.820+0000][5661][gc,marking  ] GC(1) Concurrent Cleanup for Next Mark 12,756ms
[2022-12-02T10:05:33.820+0000][5661][gc          ] GC(1) Concurrent Mark Cycle 20,727ms
[2022-12-02T10:05:34.272+0000][5661][safepoint   ] Safepoint "ICBufferFull", Time since last: 464518420 ns, Reaching safepoint: 263127 ns, At safepoint: 16634 ns, Total: 279761 ns
[2022-12-02T10:05:34.720+0000][5661][gc,start    ] GC(2) Pause Young (Normal) (G1 Evacuation Pause)
[2022-12-02T10:05:34.720+0000][5661][gc,task     ] GC(2) Using 8 workers of 8 for evacuation
[2022-12-02T10:05:34.720+0000][5661][gc,age      ] GC(2) Desired survivor size 27262976 bytes, new threshold 15 (max threshold 15)
[2022-12-02T10:05:34.733+0000][5661][gc,phases   ] GC(2)   Pre Evacuate Collection Set: 0,3ms
[2022-12-02T10:05:34.733+0000][5661][gc,phases   ] GC(2)   Merge Heap Roots: 0,1ms
[2022-12-02T10:05:34.733+0000][5661][gc,phases   ] GC(2)   Evacuate Collection Set: 11,4ms
[2022-12-02T10:05:34.733+0000][5661][gc,phases   ] GC(2)   Post Evacuate Collection Set: 0,9ms
[2022-12-02T10:05:34.733+0000][5661][gc,phases   ] GC(2)   Other: 0,1ms
[2022-12-02T10:05:34.733+0000][5661][gc,age      ] GC(2) Age table with threshold 15 (max threshold 15)
[2022-12-02T10:05:34.733+0000][5661][gc,age      ] GC(2) - age   1:    8051424 bytes,    8051424 total
[2022-12-02T10:05:34.733+0000][5661][gc,age      ] GC(2) - age   2:   11601704 bytes,   19653128 total
[2022-12-02T10:05:34.733+0000][5661][gc,heap     ] GC(2) Eden regions: 95->0(94)
[2022-12-02T10:05:34.733+0000][5661][gc,heap     ] GC(2) Survivor regions: 4->5(13)
[2022-12-02T10:05:34.733+0000][5661][gc,heap     ] GC(2) Old regions: 0->0
[2022-12-02T10:05:34.733+0000][5661][gc,heap     ] GC(2) Archive regions: 2->2
[2022-12-02T10:05:34.733+0000][5661][gc,heap     ] GC(2) Humongous regions: 0->0
[2022-12-02T10:05:34.733+0000][5661][gc,metaspace] GC(2) Metaspace: 26049K(26624K)->26049K(26624K) NonClass: 23081K(23424K)->23081K(23424K) Class: 2967K(3200K)->2967K(3200K)
[2022-12-02T10:05:34.733+0000][5661][gc          ] GC(2) Pause Young (Normal) (G1 Evacuation Pause) 396M->23M(7928M) 12,972ms
[2022-12-02T10:05:34.733+0000][5661][gc,cpu      ] GC(2) User=0,08s Sys=0,00s Real=0,01s
[2022-12-02T10:05:34.733+0000][5661][safepoint   ] Safepoint "G1CollectForAllocation", Time since last: 448295249 ns, Reaching safepoint: 113302 ns, At safepoint: 13008931 ns, Total: 13122233 ns
[2022-12-02T10:05:35.585+0000][5661][safepoint   ] Safepoint "ICBufferFull", Time since last: 851698424 ns, Reaching safepoint: 184516 ns, At safepoint: 5732 ns, Total: 190248 ns
[2022-12-02T10:05:35.795+0000][5661][gc,start    ] GC(3) Pause Young (Normal) (G1 Evacuation Pause)
[2022-12-02T10:05:35.795+0000][5661][gc,task     ] GC(3) Using 8 workers of 8 for evacuation
[2022-12-02T10:05:35.795+0000][5661][gc,age      ] GC(3) Desired survivor size 27262976 bytes, new threshold 15 (max threshold 15)
[2022-12-02T10:05:35.806+0000][5661][gc,phases   ] GC(3)   Pre Evacuate Collection Set: 0,2ms
[2022-12-02T10:05:35.806+0000][5661][gc,phases   ] GC(3)   Merge Heap Roots: 0,1ms
[2022-12-02T10:05:35.807+0000][5661][gc,phases   ] GC(3)   Evacuate Collection Set: 9,8ms
[2022-12-02T10:05:35.807+0000][5661][gc,phases   ] GC(3)   Post Evacuate Collection Set: 1,1ms
[2022-12-02T10:05:35.807+0000][5661][gc,phases   ] GC(3)   Other: 0,1ms
[2022-12-02T10:05:35.807+0000][5661][gc,age      ] GC(3) Age table with threshold 15 (max threshold 15)
[2022-12-02T10:05:35.807+0000][5661][gc,age      ] GC(3) - age   1:    7901520 bytes,    7901520 total
[2022-12-02T10:05:35.807+0000][5661][gc,age      ] GC(3) - age   2:    6780008 bytes,   14681528 total
[2022-12-02T10:05:35.807+0000][5661][gc,age      ] GC(3) - age   3:   11562624 bytes,   26244152 total
[2022-12-02T10:05:35.807+0000][5661][gc,heap     ] GC(3) Eden regions: 94->0(92)
[2022-12-02T10:05:35.807+0000][5661][gc,heap     ] GC(3) Survivor regions: 5->7(13)
[2022-12-02T10:05:35.807+0000][5661][gc,heap     ] GC(3) Old regions: 0->0
[2022-12-02T10:05:35.807+0000][5661][gc,heap     ] GC(3) Archive regions: 2->2
[2022-12-02T10:05:35.807+0000][5661][gc,heap     ] GC(3) Humongous regions: 0->0
[2022-12-02T10:05:35.807+0000][5661][gc,metaspace] GC(3) Metaspace: 33926K(34688K)->33926K(34688K) NonClass: 30066K(30528K)->30066K(30528K) Class: 3859K(4160K)->3859K(4160K)
[2022-12-02T10:05:35.807+0000][5661][gc          ] GC(3) Pause Young (Normal) (G1 Evacuation Pause) 399M->30M(7928M) 11,390ms
[2022-12-02T10:05:35.807+0000][5661][gc,cpu      ] GC(3) User=0,08s Sys=0,00s Real=0,01s
[2022-12-02T10:05:35.807+0000][5661][safepoint   ] Safepoint "G1CollectForAllocation", Time since last: 209747389 ns, Reaching safepoint: 149537 ns, At safepoint: 11441870 ns, Total: 11591407 ns
[2022-12-02T10:05:36.369+0000][5661][gc,start    ] GC(4) Pause Young (Concurrent Start) (Metadata GC Threshold)
[2022-12-02T10:05:36.369+0000][5661][gc,task     ] GC(4) Using 8 workers of 8 for evacuation
[2022-12-02T10:05:36.369+0000][5661][gc,age      ] GC(4) Desired survivor size 27262976 bytes, new threshold 15 (max threshold 15)
[2022-12-02T10:05:36.386+0000][5661][gc,phases   ] GC(4)   Pre Evacuate Collection Set: 1,1ms
[2022-12-02T10:05:36.386+0000][5661][gc,phases   ] GC(4)   Merge Heap Roots: 0,2ms
[2022-12-02T10:05:36.386+0000][5661][gc,phases   ] GC(4)   Evacuate Collection Set: 13,8ms
[2022-12-02T10:05:36.386+0000][5661][gc,phases   ] GC(4)   Post Evacuate Collection Set: 2,7ms
[2022-12-02T10:05:36.386+0000][5661][gc,phases   ] GC(4)   Other: -0,1ms
[2022-12-02T10:05:36.386+0000][5661][gc,age      ] GC(4) Age table with threshold 15 (max threshold 15)
[2022-12-02T10:05:36.386+0000][5661][gc,age      ] GC(4) - age   1:    3896688 bytes,    3896688 total
[2022-12-02T10:05:36.386+0000][5661][gc,age      ] GC(4) - age   2:    7582112 bytes,   11478800 total
[2022-12-02T10:05:36.386+0000][5661][gc,age      ] GC(4) - age   3:    6763392 bytes,   18242192 total
[2022-12-02T10:05:36.386+0000][5661][gc,age      ] GC(4) - age   4:   11550552 bytes,   29792744 total
[2022-12-02T10:05:36.386+0000][5661][gc,heap     ] GC(4) Eden regions: 85->0(91)
[2022-12-02T10:05:36.386+0000][5661][gc,heap     ] GC(4) Survivor regions: 7->8(13)
[2022-12-02T10:05:36.386+0000][5661][gc,heap     ] GC(4) Old regions: 0->0
[2022-12-02T10:05:36.386+0000][5661][gc,heap     ] GC(4) Archive regions: 2->2
[2022-12-02T10:05:36.386+0000][5661][gc,heap     ] GC(4) Humongous regions: 0->0
[2022-12-02T10:05:36.386+0000][5661][gc,metaspace] GC(4) Metaspace: 35318K(36096K)->35318K(36096K) NonClass: 31285K(31744K)->31285K(31744K) Class: 4033K(4352K)->4033K(4352K)
[2022-12-02T10:05:36.386+0000][5661][gc          ] GC(4) Pause Young (Concurrent Start) (Metadata GC Threshold) 368M->35M(7928M) 17,754ms
[2022-12-02T10:05:36.386+0000][5661][gc          ] GC(5) Concurrent Mark Cycle
[2022-12-02T10:05:36.386+0000][5661][gc,marking  ] GC(5) Concurrent Clear Claimed Marks
[2022-12-02T10:05:36.387+0000][5661][gc,marking  ] GC(5) Concurrent Clear Claimed Marks 0,051ms
[2022-12-02T10:05:36.387+0000][5661][gc,marking  ] GC(5) Concurrent Scan Root Regions
[2022-12-02T10:05:36.386+0000][5661][gc,cpu      ] GC(4) User=0,09s Sys=0,01s Real=0,02s
[2022-12-02T10:05:36.387+0000][5661][safepoint   ] Safepoint "CollectForMetadataAllocation", Time since last: 561930812 ns, Reaching safepoint: 132569 ns, At safepoint: 17946800 ns, Total: 18079369 ns
[2022-12-02T10:05:36.394+0000][5661][gc,marking  ] GC(5) Concurrent Scan Root Regions 7,378ms
[2022-12-02T10:05:36.394+0000][5661][gc,marking  ] GC(5) Concurrent Mark
[2022-12-02T10:05:36.394+0000][5661][gc,marking  ] GC(5) Concurrent Mark From Roots
[2022-12-02T10:05:36.394+0000][5661][gc,task     ] GC(5) Using 2 workers of 2 for marking
[2022-12-02T10:05:36.396+0000][5661][gc,marking  ] GC(5) Concurrent Mark From Roots 1,945ms
[2022-12-02T10:05:36.396+0000][5661][gc,marking  ] GC(5) Concurrent Preclean
[2022-12-02T10:05:36.396+0000][5661][gc,marking  ] GC(5) Concurrent Preclean 0,012ms
[2022-12-02T10:05:36.397+0000][5661][gc,start    ] GC(5) Pause Remark
[2022-12-02T10:05:36.399+0000][5661][gc          ] GC(5) Pause Remark 37M->37M(7928M) 1,804ms
[2022-12-02T10:05:36.399+0000][5661][gc,cpu      ] GC(5) User=0,01s Sys=0,00s Real=0,00s
[2022-12-02T10:05:36.399+0000][5661][safepoint   ] Safepoint "G1PauseRemark", Time since last: 9550909 ns, Reaching safepoint: 661814 ns, At safepoint: 1853503 ns, Total: 2515317 ns
[2022-12-02T10:05:36.399+0000][5661][gc,marking  ] GC(5) Concurrent Mark 4,752ms
[2022-12-02T10:05:36.399+0000][5661][gc,marking  ] GC(5) Concurrent Rebuild Remembered Sets
[2022-12-02T10:05:36.399+0000][5661][gc,marking  ] GC(5) Concurrent Rebuild Remembered Sets 0,005ms
[2022-12-02T10:05:36.399+0000][5661][gc,start    ] GC(5) Pause Cleanup
[2022-12-02T10:05:36.399+0000][5661][gc          ] GC(5) Pause Cleanup 37M->37M(7928M) 0,012ms
[2022-12-02T10:05:36.399+0000][5661][gc,cpu      ] GC(5) User=0,00s Sys=0,00s Real=0,00s
[2022-12-02T10:05:36.399+0000][5661][safepoint   ] Safepoint "G1PauseCleanup", Time since last: 49192 ns, Reaching safepoint: 82388 ns, At safepoint: 29495 ns, Total: 111883 ns
[2022-12-02T10:05:36.399+0000][5661][gc,marking  ] GC(5) Concurrent Cleanup for Next Mark
[2022-12-02T10:05:36.410+0000][5661][gc,marking  ] GC(5) Concurrent Cleanup for Next Mark 10,939ms
[2022-12-02T10:05:36.410+0000][5661][gc          ] GC(5) Concurrent Mark Cycle 23,449ms
[2022-12-02T10:05:37.112+0000][5661][safepoint   ] Safepoint "ICBufferFull", Time since last: 713395151 ns, Reaching safepoint: 210713 ns, At safepoint: 5472 ns, Total: 216185 ns
[2022-12-02T10:05:38.074+0000][5661][safepoint   ] Safepoint "ICBufferFull", Time since last: 961821363 ns, Reaching safepoint: 189682 ns, At safepoint: 4891 ns, Total: 194573 ns
[2022-12-02T10:05:39.075+0000][5661][safepoint   ] Safepoint "Cleanup", Time since last: 1000138013 ns, Reaching safepoint: 207618 ns, At safepoint: 5185 ns, Total: 212803 ns
[2022-12-02T10:05:39.323+0000][5661][safepoint   ] Safepoint "ICBufferFull", Time since last: 248347679 ns, Reaching safepoint: 147406 ns, At safepoint: 7216 ns, Total: 154622 ns
[2022-12-02T10:05:39.383+0000][5661][gc,start    ] GC(6) Pause Young (Normal) (G1 Evacuation Pause)
[2022-12-02T10:05:39.383+0000][5661][gc,task     ] GC(6) Using 8 workers of 8 for evacuation
[2022-12-02T10:05:39.383+0000][5661][gc,age      ] GC(6) Desired survivor size 27262976 bytes, new threshold 4 (max threshold 15)
[2022-12-02T10:05:39.414+0000][5661][gc,phases   ] GC(6)   Pre Evacuate Collection Set: 0,2ms
[2022-12-02T10:05:39.414+0000][5661][gc,phases   ] GC(6)   Merge Heap Roots: 0,0ms
[2022-12-02T10:05:39.414+0000][5661][gc,phases   ] GC(6)   Evacuate Collection Set: 27,7ms
[2022-12-02T10:05:39.414+0000][5661][gc,phases   ] GC(6)   Post Evacuate Collection Set: 3,2ms
[2022-12-02T10:05:39.414+0000][5661][gc,phases   ] GC(6)   Other: 0,1ms
[2022-12-02T10:05:39.414+0000][5661][gc,age      ] GC(6) Age table with threshold 4 (max threshold 15)
[2022-12-02T10:05:39.414+0000][5661][gc,age      ] GC(6) - age   1:   21847296 bytes,   21847296 total
[2022-12-02T10:05:39.414+0000][5661][gc,age      ] GC(6) - age   2:    3816552 bytes,   25663848 total
[2022-12-02T10:05:39.414+0000][5661][gc,age      ] GC(6) - age   3:    7535440 bytes,   33199288 total
[2022-12-02T10:05:39.414+0000][5661][gc,age      ] GC(6) - age   4:    6732944 bytes,   39932232 total
[2022-12-02T10:05:39.414+0000][5661][gc,heap     ] GC(6) Eden regions: 91->0(117)
[2022-12-02T10:05:39.414+0000][5661][gc,heap     ] GC(6) Survivor regions: 8->10(13)
[2022-12-02T10:05:39.414+0000][5661][gc,heap     ] GC(6) Old regions: 0->3
[2022-12-02T10:05:39.414+0000][5661][gc,heap     ] GC(6) Archive regions: 2->2
[2022-12-02T10:05:39.414+0000][5661][gc,heap     ] GC(6) Humongous regions: 0->0
[2022-12-02T10:05:39.414+0000][5661][gc,metaspace] GC(6) Metaspace: 50487K(51776K)->50487K(51776K) NonClass: 44378K(45120K)->44378K(45120K) Class: 6108K(6656K)->6108K(6656K)
[2022-12-02T10:05:39.414+0000][5661][gc          ] GC(6) Pause Young (Normal) (G1 Evacuation Pause) 399M->54M(7928M) 31,401ms
[2022-12-02T10:05:39.414+0000][5661][gc,cpu      ] GC(6) User=0,20s Sys=0,00s Real=0,03s
[2022-12-02T10:05:39.414+0000][5661][safepoint   ] Safepoint "G1CollectForAllocation", Time since last: 59523589 ns, Reaching safepoint: 51146 ns, At safepoint: 31450000 ns, Total: 31501146 ns
[2022-12-02T10:05:40.201+0000][5661][gc,start    ] GC(7) Pause Young (Concurrent Start) (Metadata GC Threshold)
[2022-12-02T10:05:40.201+0000][5661][gc,task     ] GC(7) Using 8 workers of 8 for evacuation
[2022-12-02T10:05:40.201+0000][5661][gc,age      ] GC(7) Desired survivor size 33554432 bytes, new threshold 4 (max threshold 15)
[2022-12-02T10:05:40.222+0000][5661][gc,phases   ] GC(7)   Pre Evacuate Collection Set: 0,3ms
[2022-12-02T10:05:40.222+0000][5661][gc,phases   ] GC(7)   Merge Heap Roots: 0,1ms
[2022-12-02T10:05:40.222+0000][5661][gc,phases   ] GC(7)   Evacuate Collection Set: 18,9ms
[2022-12-02T10:05:40.222+0000][5661][gc,phases   ] GC(7)   Post Evacuate Collection Set: 1,4ms
[2022-12-02T10:05:40.222+0000][5661][gc,phases   ] GC(7)   Other: 0,1ms
[2022-12-02T10:05:40.222+0000][5661][gc,age      ] GC(7) Age table with threshold 4 (max threshold 15)
[2022-12-02T10:05:40.222+0000][5661][gc,age      ] GC(7) - age   1:    3521576 bytes,    3521576 total
[2022-12-02T10:05:40.222+0000][5661][gc,age      ] GC(7) - age   2:   21610432 bytes,   25132008 total
[2022-12-02T10:05:40.222+0000][5661][gc,age      ] GC(7) - age   3:    3815176 bytes,   28947184 total
[2022-12-02T10:05:40.222+0000][5661][gc,age      ] GC(7) - age   4:    7528592 bytes,   36475776 total
[2022-12-02T10:05:40.222+0000][5661][gc,heap     ] GC(7) Eden regions: 21->0(157)
[2022-12-02T10:05:40.222+0000][5661][gc,heap     ] GC(7) Survivor regions: 10->10(16)
[2022-12-02T10:05:40.222+0000][5661][gc,heap     ] GC(7) Old regions: 3->5
[2022-12-02T10:05:40.222+0000][5661][gc,heap     ] GC(7) Archive regions: 2->2
[2022-12-02T10:05:40.222+0000][5661][gc,heap     ] GC(7) Humongous regions: 0->0
[2022-12-02T10:05:40.222+0000][5661][gc,metaspace] GC(7) Metaspace: 59118K(60480K)->59118K(60480K) NonClass: 51813K(52544K)->51813K(52544K) Class: 7304K(7936K)->7304K(7936K)
[2022-12-02T10:05:40.222+0000][5661][gc          ] GC(7) Pause Young (Concurrent Start) (Metadata GC Threshold) 136M->60M(7928M) 20,922ms
[2022-12-02T10:05:40.222+0000][5661][gc,cpu      ] GC(7) User=0,16s Sys=0,00s Real=0,02s
[2022-12-02T10:05:40.222+0000][5661][gc          ] GC(8) Concurrent Mark Cycle
[2022-12-02T10:05:40.222+0000][5661][gc,marking  ] GC(8) Concurrent Clear Claimed Marks
[2022-12-02T10:05:40.222+0000][5661][safepoint   ] Safepoint "CollectForMetadataAllocation", Time since last: 786400965 ns, Reaching safepoint: 193849 ns, At safepoint: 21009362 ns, Total: 21203211 ns
[2022-12-02T10:05:40.222+0000][5661][gc,marking  ] GC(8) Concurrent Clear Claimed Marks 0,076ms
[2022-12-02T10:05:40.222+0000][5661][gc,marking  ] GC(8) Concurrent Scan Root Regions
[2022-12-02T10:05:40.240+0000][5661][gc,marking  ] GC(8) Concurrent Scan Root Regions 18,423ms
[2022-12-02T10:05:40.240+0000][5661][gc,marking  ] GC(8) Concurrent Mark
[2022-12-02T10:05:40.240+0000][5661][gc,marking  ] GC(8) Concurrent Mark From Roots
[2022-12-02T10:05:40.241+0000][5661][gc,task     ] GC(8) Using 2 workers of 2 for marking
[2022-12-02T10:05:40.252+0000][5661][safepoint   ] Safepoint "CollectForMetadataAllocation", Time since last: 29512246 ns, Reaching safepoint: 95302 ns, At safepoint: 54252 ns, Total: 149554 ns
[2022-12-02T10:05:40.253+0000][5661][gc,marking  ] GC(8) Concurrent Mark From Roots 12,446ms
[2022-12-02T10:05:40.253+0000][5661][gc,marking  ] GC(8) Concurrent Preclean
[2022-12-02T10:05:40.253+0000][5661][gc,marking  ] GC(8) Concurrent Preclean 0,065ms
[2022-12-02T10:05:40.253+0000][5661][gc,start    ] GC(8) Pause Remark
[2022-12-02T10:05:40.257+0000][5661][gc          ] GC(8) Pause Remark 63M->63M(7928M) 3,328ms
[2022-12-02T10:05:40.257+0000][5661][gc,cpu      ] GC(8) User=0,01s Sys=0,00s Real=0,00s
[2022-12-02T10:05:40.257+0000][5661][safepoint   ] Safepoint "G1PauseRemark", Time since last: 1419732 ns, Reaching safepoint: 86185 ns, At safepoint: 3472867 ns, Total: 3559052 ns
[2022-12-02T10:05:40.257+0000][5661][gc,marking  ] GC(8) Concurrent Mark 16,151ms
[2022-12-02T10:05:40.257+0000][5661][gc,marking  ] GC(8) Concurrent Rebuild Remembered Sets
[2022-12-02T10:05:40.265+0000][5661][gc,marking  ] GC(8) Concurrent Rebuild Remembered Sets 8,565ms
[2022-12-02T10:05:40.265+0000][5661][gc,start    ] GC(8) Pause Cleanup
[2022-12-02T10:05:40.266+0000][5661][gc          ] GC(8) Pause Cleanup 64M->64M(7928M) 0,200ms
[2022-12-02T10:05:40.266+0000][5661][gc,cpu      ] GC(8) User=0,01s Sys=0,00s Real=0,00s
[2022-12-02T10:05:40.266+0000][5661][safepoint   ] Safepoint "G1PauseCleanup", Time since last: 8675163 ns, Reaching safepoint: 117078 ns, At safepoint: 232858 ns, Total: 349936 ns
[2022-12-02T10:05:40.266+0000][5661][gc,marking  ] GC(8) Concurrent Cleanup for Next Mark
[2022-12-02T10:05:40.278+0000][5661][gc,marking  ] GC(8) Concurrent Cleanup for Next Mark 12,273ms
[2022-12-02T10:05:40.278+0000][5661][gc          ] GC(8) Concurrent Mark Cycle 56,064ms
[2022-12-02T10:05:41.266+0000][5661][safepoint   ] Safepoint "Cleanup", Time since last: 1000092445 ns, Reaching safepoint: 152170 ns, At safepoint: 4447 ns, Total: 156617 ns
[2022-12-02T10:05:42.380+0000][5661][safepoint   ] Safepoint "ICBufferFull", Time since last: 1112309299 ns, Reaching safepoint: 2177482 ns, At safepoint: 6678 ns, Total: 2184160 ns
[2022-12-02T10:05:43.554+0000][5661][safepoint   ] Safepoint "Cleanup", Time since last: 1173620643 ns, Reaching safepoint: 275149 ns, At safepoint: 5545 ns, Total: 280694 ns
[2022-12-02T10:05:44.555+0000][5661][safepoint   ] Safepoint "Cleanup", Time since last: 1000135396 ns, Reaching safepoint: 387592 ns, At safepoint: 9514 ns, Total: 397106 ns
[2022-12-02T10:05:45.311+0000][5661][safepoint   ] Safepoint "ICBufferFull", Time since last: 755956876 ns, Reaching safepoint: 326713 ns, At safepoint: 15751 ns, Total: 342464 ns
[2022-12-02T10:05:45.735+0000][5661][gc,start    ] GC(9) Pause Young (Concurrent Start) (Metadata GC Threshold)
[2022-12-02T10:05:45.735+0000][5661][gc,task     ] GC(9) Using 8 workers of 8 for evacuation
[2022-12-02T10:05:45.735+0000][5661][gc,age      ] GC(9) Desired survivor size 60817408 bytes, new threshold 15 (max threshold 15)
[2022-12-02T10:05:45.769+0000][5661][gc,phases   ] GC(9)   Pre Evacuate Collection Set: 0,4ms
[2022-12-02T10:05:45.769+0000][5661][gc,phases   ] GC(9)   Merge Heap Roots: 0,1ms
[2022-12-02T10:05:45.769+0000][5661][gc,phases   ] GC(9)   Evacuate Collection Set: 31,3ms
[2022-12-02T10:05:45.769+0000][5661][gc,phases   ] GC(9)   Post Evacuate Collection Set: 1,9ms
[2022-12-02T10:05:45.769+0000][5661][gc,phases   ] GC(9)   Other: 0,0ms
[2022-12-02T10:05:45.769+0000][5661][gc,age      ] GC(9) Age table with threshold 15 (max threshold 15)
[2022-12-02T10:05:45.769+0000][5661][gc,age      ] GC(9) - age   1:   17328432 bytes,   17328432 total
[2022-12-02T10:05:45.769+0000][5661][gc,age      ] GC(9) - age   2:    3332920 bytes,   20661352 total
[2022-12-02T10:05:45.769+0000][5661][gc,age      ] GC(9) - age   3:   21413056 bytes,   42074408 total
[2022-12-02T10:05:45.769+0000][5661][gc,age      ] GC(9) - age   4:    3801464 bytes,   45875872 total
[2022-12-02T10:05:45.769+0000][5661][gc,age      ] GC(9) - age   5:    7471280 bytes,   53347152 total
[2022-12-02T10:05:45.769+0000][5661][gc,heap     ] GC(9) Eden regions: 143->0(181)
[2022-12-02T10:05:45.769+0000][5661][gc,heap     ] GC(9) Survivor regions: 10->14(29)
[2022-12-02T10:05:45.769+0000][5661][gc,heap     ] GC(9) Old regions: 5->5
[2022-12-02T10:05:45.769+0000][5661][gc,heap     ] GC(9) Archive regions: 2->2
[2022-12-02T10:05:45.769+0000][5661][gc,heap     ] GC(9) Humongous regions: 0->0
[2022-12-02T10:05:45.769+0000][5661][gc,metaspace] GC(9) Metaspace: 99338K(101440K)->99338K(101440K) NonClass: 86479K(87616K)->86479K(87616K) Class: 12858K(13824K)->12858K(13824K)
[2022-12-02T10:05:45.769+0000][5661][gc          ] GC(9) Pause Young (Concurrent Start) (Metadata GC Threshold) 630M->76M(7928M) 33,838ms
[2022-12-02T10:05:45.769+0000][5661][gc,cpu      ] GC(9) User=0,22s Sys=0,00s Real=0,03s
[2022-12-02T10:05:45.769+0000][5661][gc          ] GC(10) Concurrent Mark Cycle
[2022-12-02T10:05:45.769+0000][5661][gc,marking  ] GC(10) Concurrent Clear Claimed Marks
[2022-12-02T10:05:45.769+0000][5661][safepoint   ] Safepoint "CollectForMetadataAllocation", Time since last: 423999730 ns, Reaching safepoint: 187195 ns, At safepoint: 33923708 ns, Total: 34110903 ns
[2022-12-02T10:05:45.769+0000][5661][gc,marking  ] GC(10) Concurrent Clear Claimed Marks 0,156ms
[2022-12-02T10:05:45.769+0000][5661][gc,marking  ] GC(10) Concurrent Scan Root Regions
[2022-12-02T10:05:45.794+0000][5661][gc,marking  ] GC(10) Concurrent Scan Root Regions 24,220ms
[2022-12-02T10:05:45.794+0000][5661][gc,marking  ] GC(10) Concurrent Mark
[2022-12-02T10:05:45.794+0000][5661][gc,marking  ] GC(10) Concurrent Mark From Roots
[2022-12-02T10:05:45.794+0000][5661][gc,task     ] GC(10) Using 2 workers of 2 for marking
[2022-12-02T10:05:45.803+0000][5661][safepoint   ] Safepoint "CollectForMetadataAllocation", Time since last: 33663341 ns, Reaching safepoint: 62180 ns, At safepoint: 48418 ns, Total: 110598 ns
[2022-12-02T10:05:45.809+0000][5661][gc,marking  ] GC(10) Concurrent Mark From Roots 15,505ms
[2022-12-02T10:05:45.809+0000][5661][gc,marking  ] GC(10) Concurrent Preclean
[2022-12-02T10:05:45.809+0000][5661][gc,marking  ] GC(10) Concurrent Preclean 0,165ms
[2022-12-02T10:05:45.810+0000][5661][gc,start    ] GC(10) Pause Remark
[2022-12-02T10:05:45.816+0000][5661][gc          ] GC(10) Pause Remark 80M->80M(7928M) 5,936ms
[2022-12-02T10:05:45.816+0000][5661][gc,cpu      ] GC(10) User=0,03s Sys=0,00s Real=0,01s
[2022-12-02T10:05:45.816+0000][5661][safepoint   ] Safepoint "G1PauseRemark", Time since last: 6573286 ns, Reaching safepoint: 151960 ns, At safepoint: 6019242 ns, Total: 6171202 ns
[2022-12-02T10:05:45.816+0000][5661][gc,marking  ] GC(10) Concurrent Mark 22,031ms
[2022-12-02T10:05:45.816+0000][5661][gc,marking  ] GC(10) Concurrent Rebuild Remembered Sets
[2022-12-02T10:05:45.822+0000][5661][gc,marking  ] GC(10) Concurrent Rebuild Remembered Sets 5,706ms
[2022-12-02T10:05:45.822+0000][5661][gc,start    ] GC(10) Pause Cleanup
[2022-12-02T10:05:45.823+0000][5661][gc          ] GC(10) Pause Cleanup 80M->80M(7928M) 0,763ms
[2022-12-02T10:05:45.823+0000][5661][gc,cpu      ] GC(10) User=0,00s Sys=0,00s Real=0,00s
[2022-12-02T10:05:45.823+0000][5661][safepoint   ] Safepoint "G1PauseCleanup", Time since last: 5929308 ns, Reaching safepoint: 280775 ns, At safepoint: 887438 ns, Total: 1168213 ns
[2022-12-02T10:05:45.823+0000][5661][gc,marking  ] GC(10) Concurrent Cleanup for Next Mark
[2022-12-02T10:05:45.842+0000][5661][gc,marking  ] GC(10) Concurrent Cleanup for Next Mark 18,708ms
[2022-12-02T10:05:45.842+0000][5661][gc          ] GC(10) Concurrent Mark Cycle 72,533ms
[2022-12-02T10:05:46.643+0000][5661][safepoint   ] Safepoint "ICBufferFull", Time since last: 820228699 ns, Reaching safepoint: 232502 ns, At safepoint: 6235 ns, Total: 238737 ns
[2022-12-02T10:05:47.031+0000][5661][safepoint   ] Safepoint "ICBufferFull", Time since last: 387327730 ns, Reaching safepoint: 234234 ns, At safepoint: 10171 ns, Total: 244405 ns
[2022-12-02T10:05:47.756+0000][5661][safepoint   ] Safepoint "ICBufferFull", Time since last: 724122949 ns, Reaching safepoint: 591402 ns, At safepoint: 73798 ns, Total: 665200 ns
[2022-12-02T10:05:48.658+0000][5661][safepoint   ] Safepoint "ICBufferFull", Time since last: 902091247 ns, Reaching safepoint: 222731 ns, At safepoint: 11435 ns, Total: 234166 ns
[2022-12-02T10:05:49.658+0000][5661][safepoint   ] Safepoint "Cleanup", Time since last: 1000136577 ns, Reaching safepoint: 73249 ns, At safepoint: 8328 ns, Total: 81577 ns
[2022-12-02T10:05:50.659+0000][5661][safepoint   ] Safepoint "Cleanup", Time since last: 1000190369 ns, Reaching safepoint: 135037 ns, At safepoint: 14992 ns, Total: 150029 ns
[2022-12-02T10:05:51.659+0000][5661][safepoint   ] Safepoint "Cleanup", Time since last: 1000241679 ns, Reaching safepoint: 117735 ns, At safepoint: 13170 ns, Total: 130905 ns
[2022-12-02T10:05:52.659+0000][5661][safepoint   ] Safepoint "Cleanup", Time since last: 1000259125 ns, Reaching safepoint: 190253 ns, At safepoint: 13287 ns, Total: 203540 ns
[2022-12-02T10:05:56.660+0000][5661][safepoint   ] Safepoint "Cleanup", Time since last: 4000548292 ns, Reaching safepoint: 167043 ns, At safepoint: 15540 ns, Total: 182583 ns
[2022-12-02T10:05:57.660+0000][5661][safepoint   ] Safepoint "Cleanup", Time since last: 1000261663 ns, Reaching safepoint: 47777 ns, At safepoint: 8959 ns, Total: 56736 ns
[2022-12-02T10:06:01.661+0000][5661][safepoint   ] Safepoint "Cleanup", Time since last: 4000446889 ns, Reaching safepoint: 119969 ns, At safepoint: 14960 ns, Total: 134929 ns
[2022-12-02T10:06:02.661+0000][5661][safepoint   ] Safepoint "Cleanup", Time since last: 1000219228 ns, Reaching safepoint: 40214 ns, At safepoint: 4575 ns, Total: 44789 ns
[2022-12-02T10:06:06.662+0000][5661][safepoint   ] Safepoint "Cleanup", Time since last: 4000541461 ns, Reaching safepoint: 150662 ns, At safepoint: 12577 ns, Total: 163239 ns
[2022-12-02T10:06:09.663+0000][5661][safepoint   ] Safepoint "Cleanup", Time since last: 3000544712 ns, Reaching safepoint: 108208 ns, At safepoint: 12700 ns, Total: 120908 ns
[2022-12-02T10:06:10.663+0000][5661][safepoint   ] Safepoint "Cleanup", Time since last: 1000255872 ns, Reaching safepoint: 127140 ns, At safepoint: 15107 ns, Total: 142247 ns
[2022-12-02T10:06:11.664+0000][5661][safepoint   ] Safepoint "Cleanup", Time since last: 1000290806 ns, Reaching safepoint: 165874 ns, At safepoint: 23831 ns, Total: 189705 ns
[2022-12-02T10:06:12.664+0000][5661][safepoint   ] Safepoint "Cleanup", Time since last: 1000278291 ns, Reaching safepoint: 115143 ns, At safepoint: 14342 ns, Total: 129485 ns
[2022-12-02T10:06:17.665+0000][5661][safepoint   ] Safepoint "Cleanup", Time since last: 5000721856 ns, Reaching safepoint: 182934 ns, At safepoint: 22232 ns, Total: 205166 ns
[2022-12-02T10:06:22.666+0000][5661][safepoint   ] Safepoint "Cleanup", Time since last: 5001009605 ns, Reaching safepoint: 89663 ns, At safepoint: 9494 ns, Total: 99157 ns
[2022-12-02T10:06:23.666+0000][5661][safepoint   ] Safepoint "Cleanup", Time since last: 1000257793 ns, Reaching safepoint: 187721 ns, At safepoint: 17500 ns, Total: 205221 ns
[2022-12-02T10:06:24.667+0000][5661][safepoint   ] Safepoint "Cleanup", Time since last: 1000254230 ns, Reaching safepoint: 107675 ns, At safepoint: 11909 ns, Total: 119584 ns
[2022-12-02T10:06:25.667+0000][5661][safepoint   ] Safepoint "Cleanup", Time since last: 1000222037 ns, Reaching safepoint: 160349 ns, At safepoint: 16038 ns, Total: 176387 ns
[2022-12-02T10:06:32.668+0000][5661][safepoint   ] Safepoint "Cleanup", Time since last: 7000963187 ns, Reaching safepoint: 67146 ns, At safepoint: 27581 ns, Total: 94727 ns
[2022-12-02T10:06:36.669+0000][5661][safepoint   ] Safepoint "Cleanup", Time since last: 4000645258 ns, Reaching safepoint: 118462 ns, At safepoint: 13809 ns, Total: 132271 ns
[2022-12-02T10:06:41.670+0000][5661][safepoint   ] Safepoint "Cleanup", Time since last: 5000748001 ns, Reaching safepoint: 97666 ns, At safepoint: 12512 ns, Total: 110178 ns
[2022-12-02T10:06:42.670+0000][5661][safepoint   ] Safepoint "Cleanup", Time since last: 1000267606 ns, Reaching safepoint: 109503 ns, At safepoint: 12717 ns, Total: 122220 ns
[2022-12-02T10:06:47.671+0000][5661][safepoint   ] Safepoint "Cleanup", Time since last: 5000793691 ns, Reaching safepoint: 53568 ns, At safepoint: 3537 ns, Total: 57105 ns
[2022-12-02T10:06:51.672+0000][5661][safepoint   ] Safepoint "Cleanup", Time since last: 4000596639 ns, Reaching safepoint: 131619 ns, At safepoint: 15932 ns, Total: 147551 ns
[2022-12-02T10:06:52.672+0000][5661][safepoint   ] Safepoint "Cleanup", Time since last: 1000238590 ns, Reaching safepoint: 106037 ns, At safepoint: 11695 ns, Total: 117732 ns
[2022-12-02T10:06:53.673+0000][5661][safepoint   ] Safepoint "Cleanup", Time since last: 1000315623 ns, Reaching safepoint: 123030 ns, At safepoint: 12263 ns, Total: 135293 ns
[2022-12-02T10:06:54.673+0000][5661][safepoint   ] Safepoint "Cleanup", Time since last: 1000319607 ns, Reaching safepoint: 167223 ns, At safepoint: 14139 ns, Total: 181362 ns
[2022-12-02T10:06:58.674+0000][5661][safepoint   ] Safepoint "Cleanup", Time since last: 4000759496 ns, Reaching safepoint: 163357 ns, At safepoint: 13843 ns, Total: 177200 ns
[2022-12-02T10:07:04.675+0000][5661][safepoint   ] Safepoint "Cleanup", Time since last: 6001116092 ns, Reaching safepoint: 199942 ns, At safepoint: 25130 ns, Total: 225072 ns
[2022-12-02T10:07:06.676+0000][5661][safepoint   ] Safepoint "Cleanup", Time since last: 2000392371 ns, Reaching safepoint: 231402 ns, At safepoint: 26126 ns, Total: 257528 ns
[2022-12-02T10:07:07.677+0000][5661][safepoint   ] Safepoint "Cleanup", Time since last: 1000478852 ns, Reaching safepoint: 163496 ns, At safepoint: 30160 ns, Total: 193656 ns
[2022-12-02T10:07:09.677+0000][5661][safepoint   ] Safepoint "Cleanup", Time since last: 2000354301 ns, Reaching safepoint: 190496 ns, At safepoint: 36541 ns, Total: 227037 ns
[2022-12-02T10:07:13.679+0000][5661][safepoint   ] Safepoint "Cleanup", Time since last: 4000842888 ns, Reaching safepoint: 335260 ns, At safepoint: 12489 ns, Total: 347749 ns
[2022-12-02T10:07:14.679+0000][5661][safepoint   ] Safepoint "Cleanup", Time since last: 1000202970 ns, Reaching safepoint: 106635 ns, At safepoint: 14005 ns, Total: 120640 ns
[2022-12-02T10:07:17.680+0000][5661][safepoint   ] Safepoint "Cleanup", Time since last: 3000593972 ns, Reaching safepoint: 160511 ns, At safepoint: 16827 ns, Total: 177338 ns
[2022-12-02T10:07:26.681+0000][5661][safepoint   ] Safepoint "Cleanup", Time since last: 9001285296 ns, Reaching safepoint: 240960 ns, At safepoint: 31506 ns, Total: 272466 ns
[2022-12-02T10:07:27.682+0000][5661][safepoint   ] Safepoint "Cleanup", Time since last: 1000706646 ns, Reaching safepoint: 146843 ns, At safepoint: 16958 ns, Total: 163801 ns
[2022-12-02T10:07:28.683+0000][5661][safepoint   ] Safepoint "Cleanup", Time since last: 1000302201 ns, Reaching safepoint: 176693 ns, At safepoint: 14056 ns, Total: 190749 ns
[2022-12-02T10:07:31.683+0000][5661][safepoint   ] Safepoint "Cleanup", Time since last: 3000744866 ns, Reaching safepoint: 97498 ns, At safepoint: 10747 ns, Total: 108245 ns
[2022-12-02T10:07:41.685+0000][5661][safepoint   ] Safepoint "Cleanup", Time since last: 10001433498 ns, Reaching safepoint: 70814 ns, At safepoint: 10471 ns, Total: 81285 ns
[2022-12-02T10:07:48.686+0000][5661][safepoint   ] Safepoint "Cleanup", Time since last: 7000866707 ns, Reaching safepoint: 54212 ns, At safepoint: 5909 ns, Total: 60121 ns
[2022-12-02T10:07:52.687+0000][5661][safepoint   ] Safepoint "Cleanup", Time since last: 4000604090 ns, Reaching safepoint: 92601 ns, At safepoint: 11383 ns, Total: 103984 ns
[2022-12-02T10:07:53.687+0000][5661][safepoint   ] Safepoint "Cleanup", Time since last: 1000193572 ns, Reaching safepoint: 69813 ns, At safepoint: 5079 ns, Total: 74892 ns
[2022-12-02T10:07:55.687+0000][5661][safepoint   ] Safepoint "Cleanup", Time since last: 2000327085 ns, Reaching safepoint: 89974 ns, At safepoint: 11046 ns, Total: 101020 ns
[2022-12-02T10:07:57.688+0000][5661][safepoint   ] Safepoint "Cleanup", Time since last: 2000549487 ns, Reaching safepoint: 128151 ns, At safepoint: 46339 ns, Total: 174490 ns
[2022-12-02T10:08:02.689+0000][5661][safepoint   ] Safepoint "Cleanup", Time since last: 5000555459 ns, Reaching safepoint: 118058 ns, At safepoint: 8557 ns, Total: 126615 ns
[2022-12-02T10:08:07.690+0000][5661][safepoint   ] Safepoint "Cleanup", Time since last: 5000745856 ns, Reaching safepoint: 136820 ns, At safepoint: 14054 ns, Total: 150874 ns
[2022-12-02T10:08:15.691+0000][5661][safepoint   ] Safepoint "Cleanup", Time since last: 8001484134 ns, Reaching safepoint: 139406 ns, At safepoint: 20643 ns, Total: 160049 ns
[2022-12-02T10:08:17.692+0000][5661][safepoint   ] Safepoint "Cleanup", Time since last: 2000331537 ns, Reaching safepoint: 106193 ns, At safepoint: 11448 ns, Total: 117641 ns
[2022-12-02T10:08:23.692+0000][5661][safepoint   ] Safepoint "Cleanup", Time since last: 6000675448 ns, Reaching safepoint: 100250 ns, At safepoint: 11556 ns, Total: 111806 ns
[2022-12-02T10:08:26.693+0000][5661][safepoint   ] Safepoint "Cleanup", Time since last: 3000419090 ns, Reaching safepoint: 160401 ns, At safepoint: 16608 ns, Total: 177009 ns
[2022-12-02T10:08:39.695+0000][5661][safepoint   ] Safepoint "Cleanup", Time since last: 13002043188 ns, Reaching safepoint: 113261 ns, At safepoint: 14542 ns, Total: 127803 ns
[2022-12-02T10:08:46.697+0000][5661][safepoint   ] Safepoint "Cleanup", Time since last: 7001363426 ns, Reaching safepoint: 179165 ns, At safepoint: 21149 ns, Total: 200314 ns
[2022-12-02T10:08:47.697+0000][5661][safepoint   ] Safepoint "Cleanup", Time since last: 1000281985 ns, Reaching safepoint: 247124 ns, At safepoint: 19235 ns, Total: 266359 ns
[2022-12-02T10:08:50.698+0000][5661][safepoint   ] Safepoint "Cleanup", Time since last: 3000518721 ns, Reaching safepoint: 183908 ns, At safepoint: 15939 ns, Total: 199847 ns
[2022-12-02T10:09:07.701+0000][5661][safepoint   ] Safepoint "Cleanup", Time since last: 17002602561 ns, Reaching safepoint: 125915 ns, At safepoint: 12636 ns, Total: 138551 ns
[2022-12-02T10:09:12.702+0000][5661][safepoint   ] Safepoint "Cleanup", Time since last: 5001158878 ns, Reaching safepoint: 146714 ns, At safepoint: 13107 ns, Total: 159821 ns
[2022-12-02T10:09:17.703+0000][5661][safepoint   ] Safepoint "Cleanup", Time since last: 5000877625 ns, Reaching safepoint: 180957 ns, At safepoint: 15483 ns, Total: 196440 ns
[2022-12-02T10:09:55.708+0000][5661][safepoint   ] Safepoint "Cleanup", Time since last: 38005030825 ns, Reaching safepoint: 217560 ns, At safepoint: 15284 ns, Total: 232844 ns
[2022-12-02T10:10:07.710+0000][5661][safepoint   ] Safepoint "Cleanup", Time since last: 12001768000 ns, Reaching safepoint: 172667 ns, At safepoint: 13968 ns, Total: 186635 ns
[2022-12-02T10:10:14.712+0000][5661][safepoint   ] Safepoint "Cleanup", Time since last: 7000950761 ns, Reaching safepoint: 149351 ns, At safepoint: 14608 ns, Total: 163959 ns
[2022-12-02T10:10:17.712+0000][5661][safepoint   ] Safepoint "Cleanup", Time since last: 3000407939 ns, Reaching safepoint: 137850 ns, At safepoint: 12177 ns, Total: 150027 ns
[2022-12-02T10:10:45.717+0000][5661][safepoint   ] Safepoint "Cleanup", Time since last: 28004309530 ns, Reaching safepoint: 304306 ns, At safepoint: 16374 ns, Total: 320680 ns
[2022-12-02T10:10:47.718+0000][5661][safepoint   ] Safepoint "Cleanup", Time since last: 2000828840 ns, Reaching safepoint: 231738 ns, At safepoint: 24102 ns, Total: 255840 ns
[2022-12-02T10:10:52.719+0000][5661][safepoint   ] Safepoint "Cleanup", Time since last: 5000609294 ns, Reaching safepoint: 126549 ns, At safepoint: 13098 ns, Total: 139647 ns
[2022-12-02T10:10:56.720+0000][5661][safepoint   ] Safepoint "Cleanup", Time since last: 4000731850 ns, Reaching safepoint: 218397 ns, At safepoint: 26595 ns, Total: 244992 ns
[2022-12-02T10:11:02.991+0000][5661][safepoint   ] Safepoint "Cleanup", Time since last: 6270375628 ns, Reaching safepoint: 777815 ns, At safepoint: 73209 ns, Total: 851024 ns
[2022-12-02T10:11:07.992+0000][5661][safepoint   ] Safepoint "Cleanup", Time since last: 5000948729 ns, Reaching safepoint: 145416 ns, At safepoint: 13934 ns, Total: 159350 ns
[2022-12-02T10:11:13.008+0000][5661][safepoint   ] Safepoint "Cleanup", Time since last: 5016309211 ns, Reaching safepoint: 188161 ns, At safepoint: 26807 ns, Total: 214968 ns
[2022-12-02T10:11:18.009+0000][5661][safepoint   ] Safepoint "Cleanup", Time since last: 5000831035 ns, Reaching safepoint: 112188 ns, At safepoint: 13345 ns, Total: 125533 ns
[2022-12-02T10:11:21.010+0000][5661][safepoint   ] Safepoint "Cleanup", Time since last: 3000502191 ns, Reaching safepoint: 204853 ns, At safepoint: 28051 ns, Total: 232904 ns
[2022-12-02T10:11:28.011+0000][5661][safepoint   ] Safepoint "Cleanup", Time since last: 7000965633 ns, Reaching safepoint: 154108 ns, At safepoint: 17479 ns, Total: 171587 ns
[2022-12-02T10:11:33.044+0000][5661][safepoint   ] Safepoint "Cleanup", Time since last: 5032689054 ns, Reaching safepoint: 182499 ns, At safepoint: 19341 ns, Total: 201840 ns
[2022-12-02T10:11:38.045+0000][5661][safepoint   ] Safepoint "Cleanup", Time since last: 5001120444 ns, Reaching safepoint: 48448 ns, At safepoint: 5341 ns, Total: 53789 ns
[2022-12-02T10:11:48.047+0000][5661][safepoint   ] Safepoint "Cleanup", Time since last: 10001278926 ns, Reaching safepoint: 96791 ns, At safepoint: 13488 ns, Total: 110279 ns
[2022-12-02T10:11:59.048+0000][5661][safepoint   ] Safepoint "Cleanup", Time since last: 11001576228 ns, Reaching safepoint: 143836 ns, At safepoint: 12516 ns, Total: 156352 ns
[2022-12-02T10:12:03.049+0000][5661][safepoint   ] Safepoint "Cleanup", Time since last: 4000924281 ns, Reaching safepoint: 67607 ns, At safepoint: 6446 ns, Total: 74053 ns
[2022-12-02T10:12:05.050+0000][5661][safepoint   ] Safepoint "Cleanup", Time since last: 2000357566 ns, Reaching safepoint: 157348 ns, At safepoint: 20138 ns, Total: 177486 ns
[2022-12-02T10:12:13.051+0000][5661][safepoint   ] Safepoint "Cleanup", Time since last: 8001160967 ns, Reaching safepoint: 246857 ns, At safepoint: 19910 ns, Total: 266767 ns
[2022-12-02T10:12:18.052+0000][5661][safepoint   ] Safepoint "Cleanup", Time since last: 5000846295 ns, Reaching safepoint: 175433 ns, At safepoint: 16205 ns, Total: 191638 ns
[2022-12-02T10:12:48.057+0000][5661][safepoint   ] Safepoint "Cleanup", Time since last: 30003891536 ns, Reaching safepoint: 196266 ns, At safepoint: 15266 ns, Total: 211532 ns
[2022-12-02T10:13:03.059+0000][5661][safepoint   ] Safepoint "Cleanup", Time since last: 15002677492 ns, Reaching safepoint: 266623 ns, At safepoint: 28826 ns, Total: 295449 ns
[2022-12-02T10:13:23.062+0000][5661][safepoint   ] Safepoint "Cleanup", Time since last: 20002780567 ns, Reaching safepoint: 195861 ns, At safepoint: 21682 ns, Total: 217543 ns
[2022-12-02T10:14:18.070+0000][5661][safepoint   ] Safepoint "Cleanup", Time since last: 55006995667 ns, Reaching safepoint: 53257 ns, At safepoint: 3735 ns, Total: 56992 ns
[2022-12-02T10:14:21.070+0000][5661][safepoint   ] Safepoint "Cleanup", Time since last: 3000361916 ns, Reaching safepoint: 73714 ns, At safepoint: 4951 ns, Total: 78665 ns
[2022-12-02T10:14:27.071+0000][5661][safepoint   ] Safepoint "Cleanup", Time since last: 6000689805 ns, Reaching safepoint: 99700 ns, At safepoint: 7163 ns, Total: 106863 ns
[2022-12-02T10:14:28.071+0000][5661][safepoint   ] Safepoint "Cleanup", Time since last: 1000373097 ns, Reaching safepoint: 119387 ns, At safepoint: 11699 ns, Total: 131086 ns
[2022-12-02T10:15:18.077+0000][5661][safepoint   ] Safepoint "Cleanup", Time since last: 50005780109 ns, Reaching safepoint: 166929 ns, At safepoint: 12825 ns, Total: 179754 ns
[2022-12-02T10:15:33.079+0000][5661][safepoint   ] Safepoint "Cleanup", Time since last: 15002059942 ns, Reaching safepoint: 127759 ns, At safepoint: 12313 ns, Total: 140072 ns
[2022-12-02T10:15:48.082+0000][5661][safepoint   ] Safepoint "Cleanup", Time since last: 15001947599 ns, Reaching safepoint: 150890 ns, At safepoint: 13931 ns, Total: 164821 ns
[2022-12-02T10:16:01.084+0000][5661][safepoint   ] Safepoint "Cleanup", Time since last: 13002164841 ns, Reaching safepoint: 78525 ns, At safepoint: 6795 ns, Total: 85320 ns
[2022-12-02T10:16:18.086+0000][5661][safepoint   ] Safepoint "Cleanup", Time since last: 17002454437 ns, Reaching safepoint: 143933 ns, At safepoint: 13046 ns, Total: 156979 ns
[2022-12-02T10:16:48.090+0000][5661][safepoint   ] Safepoint "Cleanup", Time since last: 30003831743 ns, Reaching safepoint: 96323 ns, At safepoint: 5208 ns, Total: 101531 ns
[2022-12-02T10:17:03.092+0000][5661][safepoint   ] Safepoint "Cleanup", Time since last: 15001822227 ns, Reaching safepoint: 81533 ns, At safepoint: 6159 ns, Total: 87692 ns
[2022-12-02T10:17:04.093+0000][5661][safepoint   ] Safepoint "Cleanup", Time since last: 1000254988 ns, Reaching safepoint: 32079 ns, At safepoint: 3520 ns, Total: 35599 ns
[2022-12-02T10:17:13.094+0000][5661][safepoint   ] Safepoint "Cleanup", Time since last: 9000988796 ns, Reaching safepoint: 185173 ns, At safepoint: 52267 ns, Total: 237440 ns
[2022-12-02T10:17:18.095+0000][5661][safepoint   ] Safepoint "Cleanup", Time since last: 5001205853 ns, Reaching safepoint: 120709 ns, At safepoint: 11887 ns, Total: 132596 ns
[2022-12-02T10:17:23.096+0000][5661][safepoint   ] Safepoint "Cleanup", Time since last: 5000821813 ns, Reaching safepoint: 123304 ns, At safepoint: 12226 ns, Total: 135530 ns
[2022-12-02T10:17:33.097+0000][5661][safepoint   ] Safepoint "Cleanup", Time since last: 10001141281 ns, Reaching safepoint: 158693 ns, At safepoint: 20033 ns, Total: 178726 ns
[2022-12-02T10:18:18.104+0000][5661][safepoint   ] Safepoint "Cleanup", Time since last: 45006404005 ns, Reaching safepoint: 212553 ns, At safepoint: 14098 ns, Total: 226651 ns
[2022-12-02T10:18:48.108+0000][5661][safepoint   ] Safepoint "Cleanup", Time since last: 30004104514 ns, Reaching safepoint: 195490 ns, At safepoint: 19773 ns, Total: 215263 ns
[2022-12-02T10:19:18.113+0000][5661][safepoint   ] Safepoint "Cleanup", Time since last: 30004364410 ns, Reaching safepoint: 179374 ns, At safepoint: 13160 ns, Total: 192534 ns
[2022-12-02T10:19:45.117+0000][5661][safepoint   ] Safepoint "Cleanup", Time since last: 27004238566 ns, Reaching safepoint: 162583 ns, At safepoint: 16363 ns, Total: 178946 ns
[2022-12-02T10:19:48.118+0000][5661][safepoint   ] Safepoint "Cleanup", Time since last: 3000629739 ns, Reaching safepoint: 38775 ns, At safepoint: 3773 ns, Total: 42548 ns
[2022-12-02T10:20:03.120+0000][5661][safepoint   ] Safepoint "Cleanup", Time since last: 15002148332 ns, Reaching safepoint: 136911 ns, At safepoint: 11532 ns, Total: 148443 ns
[2022-12-02T10:20:08.122+0000][5661][safepoint   ] Safepoint "Cleanup", Time since last: 5000869853 ns, Reaching safepoint: 328352 ns, At safepoint: 29232 ns, Total: 357584 ns
[2022-12-02T10:20:18.123+0000][5661][safepoint   ] Safepoint "Cleanup", Time since last: 10001565660 ns, Reaching safepoint: 128941 ns, At safepoint: 12130 ns, Total: 141071 ns
[2022-12-02T10:20:40.127+0000][5661][safepoint   ] Safepoint "Cleanup", Time since last: 22003229134 ns, Reaching safepoint: 145411 ns, At safepoint: 13909 ns, Total: 159320 ns
[2022-12-02T10:20:43.127+0000][5661][safepoint   ] Safepoint "Cleanup", Time since last: 3000411346 ns, Reaching safepoint: 40651 ns, At safepoint: 4567 ns, Total: 45218 ns
[2022-12-02T10:20:47.128+0000][5661][safepoint   ] Safepoint "Cleanup", Time since last: 4000591978 ns, Reaching safepoint: 234814 ns, At safepoint: 36537 ns, Total: 271351 ns
[2022-12-02T10:20:48.129+0000][5661][safepoint   ] Safepoint "Cleanup", Time since last: 1000468489 ns, Reaching safepoint: 122808 ns, At safepoint: 14810 ns, Total: 137618 ns
[2022-12-02T10:20:58.130+0000][5661][safepoint   ] Safepoint "Cleanup", Time since last: 10001579901 ns, Reaching safepoint: 194940 ns, At safepoint: 25609 ns, Total: 220549 ns
[2022-12-02T10:21:18.134+0000][5661][safepoint   ] Safepoint "Cleanup", Time since last: 20003463287 ns, Reaching safepoint: 150694 ns, At safepoint: 13314 ns, Total: 164008 ns
[2022-12-02T10:22:09.142+0000][5661][safepoint   ] Safepoint "Cleanup", Time since last: 51008034696 ns, Reaching safepoint: 170414 ns, At safepoint: 14451 ns, Total: 184865 ns
[2022-12-02T10:22:17.144+0000][5661][safepoint   ] Safepoint "Cleanup", Time since last: 8001151905 ns, Reaching safepoint: 216088 ns, At safepoint: 16800 ns, Total: 232888 ns
[2022-12-02T10:22:18.144+0000][5661][safepoint   ] Safepoint "Cleanup", Time since last: 1000262163 ns, Reaching safepoint: 232023 ns, At safepoint: 22201 ns, Total: 254224 ns
[2022-12-02T10:22:48.149+0000][5661][safepoint   ] Safepoint "Cleanup", Time since last: 30004283241 ns, Reaching safepoint: 146999 ns, At safepoint: 10994 ns, Total: 157993 ns
[2022-12-02T10:23:18.153+0000][5661][safepoint   ] Safepoint "Cleanup", Time since last: 30004104550 ns, Reaching safepoint: 121512 ns, At safepoint: 9089 ns, Total: 130601 ns
[2022-12-02T10:23:33.155+0000][5661][safepoint   ] Safepoint "Cleanup", Time since last: 15002352647 ns, Reaching safepoint: 200157 ns, At safepoint: 17342 ns, Total: 217499 ns
[2022-12-02T10:23:47.158+0000][5661][safepoint   ] Safepoint "Cleanup", Time since last: 14002087515 ns, Reaching safepoint: 183618 ns, At safepoint: 33751 ns, Total: 217369 ns
[2022-12-02T10:24:18.162+0000][5661][safepoint   ] Safepoint "Cleanup", Time since last: 31004568895 ns, Reaching safepoint: 258585 ns, At safepoint: 17331 ns, Total: 275916 ns
[2022-12-02T10:24:46.167+0000][5661][safepoint   ] Safepoint "Cleanup", Time since last: 28004460455 ns, Reaching safepoint: 158105 ns, At safepoint: 12718 ns, Total: 170823 ns
[2022-12-02T10:24:48.167+0000][5661][safepoint   ] Safepoint "Cleanup", Time since last: 2000318951 ns, Reaching safepoint: 51153 ns, At safepoint: 5609 ns, Total: 56762 ns
[2022-12-02T10:25:18.171+0000][5661][safepoint   ] Safepoint "Cleanup", Time since last: 30003642324 ns, Reaching safepoint: 119993 ns, At safepoint: 11698 ns, Total: 131691 ns
[2022-12-02T10:25:47.175+0000][5661][safepoint   ] Safepoint "Cleanup", Time since last: 29003563288 ns, Reaching safepoint: 95478 ns, At safepoint: 9923 ns, Total: 105401 ns
[2022-12-02T10:26:18.179+0000][5661][safepoint   ] Safepoint "Cleanup", Time since last: 31003521710 ns, Reaching safepoint: 186106 ns, At safepoint: 30041 ns, Total: 216147 ns
[2022-12-02T10:26:48.182+0000][5661][safepoint   ] Safepoint "Cleanup", Time since last: 30002986306 ns, Reaching safepoint: 67122 ns, At safepoint: 3810 ns, Total: 70932 ns
[2022-12-02T10:27:18.185+0000][5661][safepoint   ] Safepoint "Cleanup", Time since last: 30003171241 ns, Reaching safepoint: 148942 ns, At safepoint: 11174 ns, Total: 160116 ns
[2022-12-02T10:27:39.188+0000][5661][safepoint   ] Safepoint "Cleanup", Time since last: 21002373418 ns, Reaching safepoint: 121923 ns, At safepoint: 19181 ns, Total: 141104 ns
[2022-12-02T10:27:40.795+0000][5661][safepoint   ] Safepoint "Cleanup", Time since last: 1607187831 ns, Reaching safepoint: 143914 ns, At safepoint: 10182 ns, Total: 154096 ns
[2022-12-02T10:27:46.796+0000][5661][safepoint   ] Safepoint "Cleanup", Time since last: 6000781749 ns, Reaching safepoint: 104430 ns, At safepoint: 9916 ns, Total: 114346 ns
[2022-12-02T10:27:47.796+0000][5661][safepoint   ] Safepoint "Cleanup", Time since last: 1000247633 ns, Reaching safepoint: 55310 ns, At safepoint: 5856 ns, Total: 61166 ns
[2022-12-02T10:27:48.796+0000][5661][safepoint   ] Safepoint "Cleanup", Time since last: 1000154375 ns, Reaching safepoint: 44301 ns, At safepoint: 4588 ns, Total: 48889 ns
[2022-12-02T10:28:11.259+0000][5661][safepoint   ] Safepoint "Cleanup", Time since last: 22462473393 ns, Reaching safepoint: 89945 ns, At safepoint: 7980 ns, Total: 97925 ns
[2022-12-02T10:28:11.484+0000][5661][safepoint   ] Safepoint "ICBufferFull", Time since last: 224571519 ns, Reaching safepoint: 244798 ns, At safepoint: 14049 ns, Total: 258847 ns
[2022-12-02T10:28:11.564+0000][5661][gc,start    ] GC(11) Pause Young (Normal) (G1 Evacuation Pause)
[2022-12-02T10:28:11.564+0000][5661][gc,task     ] GC(11) Using 8 workers of 8 for evacuation
[2022-12-02T10:28:11.564+0000][5661][gc,age      ] GC(11) Desired survivor size 58720256 bytes, new threshold 15 (max threshold 15)
[2022-12-02T10:28:11.610+0000][5661][gc,phases   ] GC(11)   Pre Evacuate Collection Set: 0,4ms
[2022-12-02T10:28:11.610+0000][5661][gc,phases   ] GC(11)   Merge Heap Roots: 0,3ms
[2022-12-02T10:28:11.610+0000][5661][gc,phases   ] GC(11)   Evacuate Collection Set: 42,2ms
[2022-12-02T10:28:11.610+0000][5661][gc,phases   ] GC(11)   Post Evacuate Collection Set: 2,2ms
[2022-12-02T10:28:11.610+0000][5661][gc,phases   ] GC(11)   Other: 0,1ms
[2022-12-02T10:28:11.610+0000][5661][gc,age      ] GC(11) Age table with threshold 15 (max threshold 15)
[2022-12-02T10:28:11.610+0000][5661][gc,age      ] GC(11) - age   1:   25867440 bytes,   25867440 total
[2022-12-02T10:28:11.610+0000][5661][gc,age      ] GC(11) - age   2:   16337656 bytes,   42205096 total
[2022-12-02T10:28:11.610+0000][5661][gc,age      ] GC(11) - age   3:    3320136 bytes,   45525232 total
[2022-12-02T10:28:11.610+0000][5661][gc,age      ] GC(11) - age   4:   21315968 bytes,   66841200 total
[2022-12-02T10:28:11.610+0000][5661][gc,age      ] GC(11) - age   5:    3799336 bytes,   70640536 total
[2022-12-02T10:28:11.610+0000][5661][gc,age      ] GC(11) - age   6:    7467704 bytes,   78108240 total
[2022-12-02T10:28:11.610+0000][5661][gc,heap     ] GC(11) Eden regions: 203->0(177)
[2022-12-02T10:28:11.610+0000][5661][gc,heap     ] GC(11) Survivor regions: 14->21(28)
[2022-12-02T10:28:11.610+0000][5661][gc,heap     ] GC(11) Old regions: 5->5
[2022-12-02T10:28:11.610+0000][5661][gc,heap     ] GC(11) Archive regions: 2->2
[2022-12-02T10:28:11.610+0000][5661][gc,heap     ] GC(11) Humongous regions: 2->2
[2022-12-02T10:28:11.610+0000][5661][gc,metaspace] GC(11) Metaspace: 124237K(127424K)->124237K(127424K) NonClass: 107540K(109120K)->107540K(109120K) Class: 16697K(18304K)->16697K(18304K)
[2022-12-02T10:28:11.610+0000][5661][gc          ] GC(11) Pause Young (Normal) (G1 Evacuation Pause) 896M->113M(7928M) 45,520ms
[2022-12-02T10:28:11.610+0000][5661][gc,cpu      ] GC(11) User=0,29s Sys=0,01s Real=0,04s
[2022-12-02T10:28:11.610+0000][5661][safepoint   ] Safepoint "G1CollectForAllocation", Time since last: 80306629 ns, Reaching safepoint: 113200 ns, At safepoint: 45619216 ns, Total: 45732416 ns
[2022-12-02T10:28:11.988+0000][5661][safepoint   ] Safepoint "ICBufferFull", Time since last: 377736276 ns, Reaching safepoint: 208642 ns, At safepoint: 7719 ns, Total: 216361 ns
[2022-12-02T10:28:12.353+0000][5661][safepoint   ] Safepoint "ICBufferFull", Time since last: 365282809 ns, Reaching safepoint: 128920 ns, At safepoint: 9449 ns, Total: 138369 ns
[2022-12-02T10:28:12.679+0000][5661][safepoint   ] Safepoint "ICBufferFull", Time since last: 325336904 ns, Reaching safepoint: 265504 ns, At safepoint: 13564 ns, Total: 279068 ns
[2022-12-02T10:28:13.039+0000][5661][safepoint   ] Safepoint "ICBufferFull", Time since last: 359914712 ns, Reaching safepoint: 187052 ns, At safepoint: 12687 ns, Total: 199739 ns
[2022-12-02T10:28:13.894+0000][5661][safepoint   ] Safepoint "ICBufferFull", Time since last: 854841734 ns, Reaching safepoint: 133779 ns, At safepoint: 9390 ns, Total: 143169 ns
[2022-12-02T10:28:14.202+0000][5661][safepoint   ] Safepoint "ICBufferFull", Time since last: 307767356 ns, Reaching safepoint: 162811 ns, At safepoint: 12258 ns, Total: 175069 ns
[2022-12-02T10:28:14.479+0000][5661][safepoint   ] Safepoint "ICBufferFull", Time since last: 277372577 ns, Reaching safepoint: 100209 ns, At safepoint: 6309 ns, Total: 106518 ns
[2022-12-02T10:28:15.480+0000][5661][safepoint   ] Safepoint "Cleanup", Time since last: 1000119916 ns, Reaching safepoint: 164198 ns, At safepoint: 12452 ns, Total: 176650 ns
[2022-12-02T10:28:17.480+0000][5661][safepoint   ] Safepoint "Cleanup", Time since last: 2000183944 ns, Reaching safepoint: 71104 ns, At safepoint: 8099 ns, Total: 79203 ns
[2022-12-02T10:28:23.481+0000][5661][safepoint   ] Safepoint "Cleanup", Time since last: 6000699210 ns, Reaching safepoint: 43372 ns, At safepoint: 5835 ns, Total: 49207 ns
[2022-12-02T10:28:47.483+0000][5661][safepoint   ] Safepoint "Cleanup", Time since last: 24002798364 ns, Reaching safepoint: 30002 ns, At safepoint: 3170 ns, Total: 33172 ns
[2022-12-02T10:29:17.487+0000][5661][safepoint   ] Safepoint "Cleanup", Time since last: 30003170659 ns, Reaching safepoint: 90059 ns, At safepoint: 23964 ns, Total: 114023 ns
[2022-12-02T10:29:47.490+0000][5661][safepoint   ] Safepoint "Cleanup", Time since last: 30003584321 ns, Reaching safepoint: 113930 ns, At safepoint: 12015 ns, Total: 125945 ns
[2022-12-02T10:30:18.494+0000][5661][safepoint   ] Safepoint "Cleanup", Time since last: 31003543248 ns, Reaching safepoint: 60993 ns, At safepoint: 5856 ns, Total: 66849 ns
[2022-12-02T10:30:47.498+0000][5661][safepoint   ] Safepoint "Cleanup", Time since last: 29003585872 ns, Reaching safepoint: 83256 ns, At safepoint: 8014 ns, Total: 91270 ns
[2022-12-02T10:30:48.498+0000][5661][safepoint   ] Safepoint "Cleanup", Time since last: 1000142431 ns, Reaching safepoint: 38245 ns, At safepoint: 4670 ns, Total: 42915 ns
[2022-12-02T10:31:17.505+0000][5661][safepoint   ] Safepoint "Cleanup", Time since last: 29007516987 ns, Reaching safepoint: 48037 ns, At safepoint: 4253 ns, Total: 52290 ns
[2022-12-02T10:31:18.506+0000][5661][safepoint   ] Safepoint "Cleanup", Time since last: 1000125861 ns, Reaching safepoint: 82031 ns, At safepoint: 11070 ns, Total: 93101 ns
[2022-12-02T10:31:47.509+0000][5661][safepoint   ] Safepoint "Cleanup", Time since last: 29003060452 ns, Reaching safepoint: 39727 ns, At safepoint: 4257 ns, Total: 43984 ns
[2022-12-02T10:32:17.512+0000][5661][safepoint   ] Safepoint "Cleanup", Time since last: 30003348078 ns, Reaching safepoint: 64114 ns, At safepoint: 15355 ns, Total: 79469 ns
[2022-12-02T10:32:18.512+0000][5661][safepoint   ] Safepoint "Cleanup", Time since last: 1000162305 ns, Reaching safepoint: 75523 ns, At safepoint: 7244 ns, Total: 82767 ns
[2022-12-02T10:32:25.513+0000][5661][safepoint   ] Safepoint "Cleanup", Time since last: 7000845440 ns, Reaching safepoint: 58608 ns, At safepoint: 4165 ns, Total: 62773 ns
[2022-12-02T10:32:28.514+0000][5661][safepoint   ] Safepoint "Cleanup", Time since last: 3000317585 ns, Reaching safepoint: 164353 ns, At safepoint: 11750 ns, Total: 176103 ns
[2022-12-02T10:32:43.516+0000][5661][safepoint   ] Safepoint "Cleanup", Time since last: 15001915867 ns, Reaching safepoint: 103631 ns, At safepoint: 6080 ns, Total: 109711 ns
[2022-12-02T10:32:48.516+0000][5661][safepoint   ] Safepoint "Cleanup", Time since last: 5000528887 ns, Reaching safepoint: 92238 ns, At safepoint: 5279 ns, Total: 97517 ns
[2022-12-02T10:33:17.520+0000][5661][safepoint   ] Safepoint "Cleanup", Time since last: 29002911518 ns, Reaching safepoint: 188915 ns, At safepoint: 28292 ns, Total: 217207 ns
[2022-12-02T10:33:27.521+0000][5661][safepoint   ] Safepoint "Cleanup", Time since last: 10001172596 ns, Reaching safepoint: 105580 ns, At safepoint: 12368 ns, Total: 117948 ns
[2022-12-02T10:33:47.523+0000][5661][safepoint   ] Safepoint "Cleanup", Time since last: 20002189739 ns, Reaching safepoint: 55222 ns, At safepoint: 5818 ns, Total: 61040 ns
[2022-12-02T10:34:18.527+0000][5661][safepoint   ] Safepoint "Cleanup", Time since last: 31003444363 ns, Reaching safepoint: 92964 ns, At safepoint: 11327 ns, Total: 104291 ns
[2022-12-02T10:34:29.528+0000][5661][safepoint   ] Safepoint "Cleanup", Time since last: 11001235577 ns, Reaching safepoint: 407175 ns, At safepoint: 27578 ns, Total: 434753 ns
[2022-12-02T10:34:43.530+0000][5661][safepoint   ] Safepoint "Cleanup", Time since last: 14001743272 ns, Reaching safepoint: 53959 ns, At safepoint: 41356 ns, Total: 95315 ns
[2022-12-02T10:34:48.531+0000][5661][safepoint   ] Safepoint "Cleanup", Time since last: 5000596955 ns, Reaching safepoint: 38007 ns, At safepoint: 3926 ns, Total: 41933 ns
[2022-12-02T10:34:49.531+0000][5661][safepoint   ] Safepoint "Cleanup", Time since last: 1000143537 ns, Reaching safepoint: 101632 ns, At safepoint: 7778 ns, Total: 109410 ns
[2022-12-02T10:35:17.534+0000][5661][safepoint   ] Safepoint "Cleanup", Time since last: 28003083218 ns, Reaching safepoint: 92528 ns, At safepoint: 11541 ns, Total: 104069 ns
[2022-12-02T10:35:18.535+0000][5661][safepoint   ] Safepoint "Cleanup", Time since last: 1000231843 ns, Reaching safepoint: 122183 ns, At safepoint: 16514 ns, Total: 138697 ns
[2022-12-02T10:35:47.073+0000][5661][safepoint   ] Safepoint "Cleanup", Time since last: 28538657304 ns, Reaching safepoint: 50819 ns, At safepoint: 5525 ns, Total: 56344 ns
[2022-12-02T10:35:48.074+0000][5661][safepoint   ] Safepoint "Cleanup", Time since last: 1000130080 ns, Reaching safepoint: 102746 ns, At safepoint: 11032 ns, Total: 113778 ns
[2022-12-02T10:36:18.077+0000][5661][safepoint   ] Safepoint "Cleanup", Time since last: 30003212337 ns, Reaching safepoint: 69202 ns, At safepoint: 8670 ns, Total: 77872 ns
[2022-12-02T10:36:22.078+0000][5661][safepoint   ] Safepoint "Cleanup", Time since last: 4000484658 ns, Reaching safepoint: 141137 ns, At safepoint: 22371 ns, Total: 163508 ns
[2022-12-02T10:36:48.080+0000][5661][safepoint   ] Safepoint "Cleanup", Time since last: 26002707588 ns, Reaching safepoint: 81512 ns, At safepoint: 12100 ns, Total: 93612 ns
[2022-12-02T10:37:18.084+0000][5661][safepoint   ] Safepoint "Cleanup", Time since last: 30003296474 ns, Reaching safepoint: 72949 ns, At safepoint: 6050 ns, Total: 78999 ns
[2022-12-02T10:37:48.087+0000][5661][safepoint   ] Safepoint "Cleanup", Time since last: 30003342072 ns, Reaching safepoint: 159909 ns, At safepoint: 17123 ns, Total: 177032 ns
[2022-12-02T10:38:18.091+0000][5661][safepoint   ] Safepoint "Cleanup", Time since last: 30003492004 ns, Reaching safepoint: 122519 ns, At safepoint: 12468 ns, Total: 134987 ns
[2022-12-02T10:38:48.094+0000][5661][safepoint   ] Safepoint "Cleanup", Time since last: 30003375517 ns, Reaching safepoint: 124020 ns, At safepoint: 12672 ns, Total: 136692 ns
[2022-12-02T10:38:50.095+0000][5661][safepoint   ] Safepoint "Cleanup", Time since last: 2000353910 ns, Reaching safepoint: 74226 ns, At safepoint: 10826 ns, Total: 85052 ns
[2022-12-02T10:39:17.098+0000][5661][safepoint   ] Safepoint "Cleanup", Time since last: 27003153021 ns, Reaching safepoint: 79396 ns, At safepoint: 8234 ns, Total: 87630 ns
[2022-12-02T10:39:17.333+0000][5661][gc,heap,exit] Heap
[2022-12-02T10:39:17.333+0000][5661][gc,heap,exit]  garbage-first heap   total 8118272K, used 721755K [0x0000000610800000, 0x0000000800000000)
[2022-12-02T10:39:17.333+0000][5661][gc,heap,exit]   region size 4096K, 169 young (692224K), 21 survivors (86016K)
[2022-12-02T10:39:17.333+0000][5661][gc,heap,exit]  Metaspace       used 126803K, committed 130048K, reserved 1179648K
[2022-12-02T10:39:17.333+0000][5661][gc,heap,exit]   class space    used 16901K, committed 18496K, reserved 1048576K
