[2022-12-02T10:05:30.234+0000][5643][gc,init] CardTable entry size: 512
[2022-12-02T10:05:30.234+0000][5643][gc     ] Using G1
[2022-12-02T10:05:30.249+0000][5643][gc,init] Version: 19.0.1+10-21 (release)
[2022-12-02T10:05:30.249+0000][5643][gc,init] CPUs: 8 total, 8 available
[2022-12-02T10:05:30.249+0000][5643][gc,init] Memory: 15855M
[2022-12-02T10:05:30.249+0000][5643][gc,init] Large Page Support: Disabled
[2022-12-02T10:05:30.249+0000][5643][gc,init] NUMA Support: Disabled
[2022-12-02T10:05:30.249+0000][5643][gc,init] Compressed Oops: Enabled (Zero based)
[2022-12-02T10:05:30.249+0000][5643][gc,init] Heap Region Size: 4M
[2022-12-02T10:05:30.249+0000][5643][gc,init] Heap Min Capacity: 7928M
[2022-12-02T10:05:30.249+0000][5643][gc,init] Heap Initial Capacity: 7928M
[2022-12-02T10:05:30.249+0000][5643][gc,init] Heap Max Capacity: 7928M
[2022-12-02T10:05:30.249+0000][5643][gc,init] Pre-touch: Disabled
[2022-12-02T10:05:30.249+0000][5643][gc,init] Parallel Workers: 8
[2022-12-02T10:05:30.249+0000][5643][gc,init] Concurrent Workers: 2
[2022-12-02T10:05:30.249+0000][5643][gc,init] Concurrent Refinement Workers: 8
[2022-12-02T10:05:30.249+0000][5643][gc,init] Periodic GC: Disabled
[2022-12-02T10:05:30.249+0000][5643][gc,metaspace] CDS archive(s) mapped at: [0x0000000800000000-0x0000000800c4f000-0x0000000800c4f000), size 12906496, SharedBaseAddress: 0x0000000800000000, ArchiveRelocationMode: 0.
[2022-12-02T10:05:30.249+0000][5643][gc,metaspace] Compressed class space mapped at: 0x0000000801000000-0x0000000841000000, reserved size: 1073741824
[2022-12-02T10:05:30.249+0000][5643][gc,metaspace] Narrow klass base: 0x0000000800000000, Narrow klass shift: 0, Narrow klass range: 0x100000000
[2022-12-02T10:05:30.272+0000][5643][gc,heap,exit] Heap
[2022-12-02T10:05:30.272+0000][5643][gc,heap,exit]  garbage-first heap   total 8118272K, used 10210K [0x0000000610800000, 0x0000000800000000)
[2022-12-02T10:05:30.272+0000][5643][gc,heap,exit]   region size 4096K, 2 young (8192K), 0 survivors (0K)
[2022-12-02T10:05:30.272+0000][5643][gc,heap,exit]  Metaspace       used 57K, committed 128K, reserved 1114112K
[2022-12-02T10:05:30.272+0000][5643][gc,heap,exit]   class space    used 1K, committed 64K, reserved 1048576K
